<!DOCTYPE html PUBLIC "-//W3C//DTD XHTML 1.0 Strict//EN" "http://www.w3.org/TR/xhtml1/DTD/xhtml1-strict.dtd">
<html xmlns="http://www.w3.org/1999/xhtml">
  <head>
    <meta http-equiv="Content-Type" content="text/html; charset=utf-8">
    <meta name="viewport" content="width=device-width, initial-scale=1.0">
    <title>Email Builder Test</title>
    
    

    

    

  <style type="text/css">

      body { line-height: 16px; }
    /***************************************************
DO NOT BRING INLINE
***************************************************/

table td {
  border-collapse: collapse;
}

@media only screen and (max-device-width: 480px) {
  a[href^="sms"] {
    text-decoration: none;
  }
}

</style></head>
  <!--[if IEMobile 7]>
<style type="text/css">

    body { font-size: 12px; }
  * {
  border: 1px solid red;
}
</style>

  

  
  <![endif]-->

  <body>

    <table align="center" border="0" cellpadding="0" cellspacing="0" width="50%">
    
      <tr>
        <td class="h1" style="font-family: sans-serif; font-size: 20px; font-weight: bold; padding-bottom: 15px;">Header 1</td>
      </tr>
      <!-- end h1 header -->

      <tr>
        <td class="p" style="font-family: sans-serif; line-height: 20px;">Lorem ipsum dolor sit amet, consectetur adipisicing elit. Voluptatibus quam fuga, magnam voluptatem architecto sint nihil aperiam voluptas quaerat dolorum. Impedit sapiente doloribus, repudiandae, facilis ab odit quidem deserunt soluta.</td>
      </tr>
      <!-- end paragraph -->
      
    </table> 
    
  </body>
</html>


