<!doctype html>
<html xmlns="http://www.w3.org/1999/xhtml">
  <head>
    
  </head>

  <body>
    <p class="blue bold" style="color: blue; font-weight: bold;">Styles should be inlined</p>
  </body>
</html>

