<!DOCTYPE html>
<html>
<head>
  <style>
    p {
      font-weight: bold;
      color: blue;
    }
  </style>
</head>
<body>
  <p>Embedded styles should not be inlined</p>
</body>
</html>
