<!DOCTYPE html>
<html>
<body>
  <p>&#161;&#8482;&#163;&#162;&#8734;&#167;&#182;&#8226;&#170;&#186;&#8211;&#229;&#223;&#8706;&#402;&#169;&#729;&#8710;&#730;&#172;&#8230;&#937;&#8776;&#231;&#8730;&#8747;&#732;&#181;&#8804;&#8805;&#247;&#8260;&#8364;&#8249;&#8250;&#64257;&#64258;&#8225;&#176;&#183;&#8218;&#8212;&#197;&#207;&#733;&#211;&#212;&#63743;&#210;&#218;&#198;&#9674;&#305;&#194;&#175;&#728;</p>
</body>
</html>