<!DOCTYPE html>
<html>
<body>
  <p>&#161;&#8482;&#163;&#162;&#8734;&#167;&#182;&#8226;&#170;&#186;&#8211;&#339;&#8721;&#180;&#174;&#8224;&#165;&#168;&#710;&#248;&#960;&#8220;&#8216;&#229;&#223;&#8706;&#402;&#169;&#729;&#730;&#172;&#172;&#8230;&#937;&#8776;&#231;&#8730;&#8747;&#732;&#181;&#8804;&#8805;&#247;&#180;&#8364;&#8249;&#8250;&#64257;&#64258;&#8225;&#176;&#183;&#8218;</p>
</body>
</html>