<!DOCTYPE html>
<html>
<head>
  <link rel="stylesheet" type="text/css" href="./css/embed.css">
</head>
<body>
  <p>External styles should NOT be embedded or inlined</p>
</body>
</html>
