
<html xmlns="http://www.w3.org/1999/xhtml">
  <head>
    <meta http-equiv="Content-Type" content="text/html; charset=utf-8" />
    <meta name="viewport" content="width=device-width, initial-scale=1.0" />
    <title></title>
    
    

  <style>/* Outlook 07, 10 Padding issue fix
Bring inline: No.*/
table td {
  border-collapse: collapse;
}
/***************************************************
****************************************************
MOBILE TARGETING
DO NOT BRING INLINE
****************************************************
***************************************************/
@media only screen and (max-device-width: 480px) {
  /* Part one of controlling phone number linking for mobile. */
  a[href^="tel"],
  a[href^="sms"] {
    text-decoration: none;
    color: blue;
    /* or whatever your want */
  
    pointer-events: none;
    cursor: default;
  }
  .mobile_link a[href^="tel"],
  .mobile_link a[href^="sms"] {
    text-decoration: default;
    color: orange !important;
    pointer-events: auto;
    cursor: default;
  }
}
/* More Specific Targeting */
@media only screen and (min-device-width: 768px) and (max-device-width: 1024px) {
  /* You guessed it, ipad (tablets, smaller screens, etc) */
  /* repeating for the ipad */
  a[href^="tel"],
  a[href^="sms"] {
    text-decoration: none;
    color: blue;
    /* or whatever your want */
  
    pointer-events: none;
    cursor: default;
  }
  .mobile_link a[href^="tel"],
  .mobile_link a[href^="sms"] {
    text-decoration: default;
    color: orange !important;
    pointer-events: auto;
    cursor: default;
  }
}
@media only screen and (-webkit-min-device-pixel-ratio: 2) {
  /* Put your iPhone 4g styles in here */
}
/* Android targeting */
@media only screen and (-webkit-device-pixel-ratio: 0.75) {
  /* Put CSS for low density (ldpi) Android layouts in here */
}
@media only screen and (-webkit-device-pixel-ratio: 1) {
  /* Put CSS for medium density (mdpi) Android layouts in here */
}
@media only screen and (-webkit-device-pixel-ratio: 1.5) {
  /* Put CSS for high density (hdpi) Android layouts in here */
}
/* end Android targeting */</style></head><!--[if IEMobile 7]>
  <style type="text/css"></style><![endif]--><!--[if gte mso 9]>
  <style></style><![endif]-->
  <body style="width: 100%; -webkit-text-size-adjust: 100%; -ms-text-size-adjust: 100%; margin: 0; padding: 0;">
    <table id="backgroundTable" cellpadding="0" cellspacing="0" border="0" style="margin: 0; padding: 0; width: 100%; line-height: 100%; border-collapse: collapse; mso-table-lspace: 0pt; mso-table-rspace: 0pt;">
      <tr>
        <td class="green" valign="top" style="color: green;">GREEN TEXT</td>
        <table cellpadding="0" cellspacing="0" border="0" align="center" style="border-collapse: collapse; mso-table-lspace: 0pt; mso-table-rspace: 0pt;">
          <tr>
            <td class="blue" width="200" valign="top" style="color: blue; font-size: 48px;">HERP DERP</td>
            <td width="200" valign="top">
              <p class="blue" style="margin: 1em 0; color: blue; font-size: 48px;">THIS IS SOME BLUE TEXT TO TEST</p>
            </td>
            <td width="200" valign="top"><img src="full path to image" alt="Your alt text" title="Your title text" width="x" height="x" class="image_fix" style="outline: none; text-decoration: none; -ms-interpolation-mode: bicubic; display: block;" /><span class="mobile_link">123-456-7890</span>
            </td>
          </tr>
        </table>
      </tr>
    </table>
  </body>
</html>