<?xml version="1.0"?>
<test_set>
  <applications type="array"/>
  <save_defaults>false</save_defaults>
  <use_defaults>false</use_defaults>
  <email_source>
    <body>
      <![CDATA[<p></p>]]>
    </body>
    <subject>Test XML</subject>
  </email_source>
</test_set>